
> librenms@0.1.0 build
> next build

node.exe : ΓÜá Warning: Next.js inferred your workspace 
root, but it may not be correct.
At line:1 char:1
+ & "C:\Program Files\nodejs/node.exe" 
"C:\Users\hendr\AppData\Roaming\ ...
+ ~~~~~~~~~~~~~~~~~~~~~~~~~~~~~~~~~~~~~~~~~~~~~~~~~~~~~~~
~~~~~~~~~~~~~~
    + CategoryInfo          : NotSpecified: (ΓÜá W    
arning: Ne...not be correct.:String) [], Remot    
eException
    + FullyQualifiedErrorId : NativeCommandError
 
 We detected multiple lockfiles and selected the 
directory of C:\Users\hendr\package-lock.json as the 
root directory.
 To silence this warning, set `turbopack.root` in your 
Next.js config, or consider removing one of the 
lockfiles if it's not needed.
   See https://nextjs.org/docs/app/api-reference/config/n
ext-config-js/turbopack#root-directory for more 
information.
 Detected additional lockfiles: 
   * C:\Users\hendr\OneDrive\Documents\Antigravity\libren
ms\package-lock.json

Γû▓ Next.js 16.1.6 (Turbopack)
- Environments: .env
- Experiments (use with caution):
  ┬╖ serverActions

ΓÜá The "middleware" file convention is deprecated. 
Please use "proxy" instead. Learn more: 
https://nextjs.org/docs/messages/middleware-to-proxy
  Creating an optimized production build ...
Γ£ô Compiled successfully in 3.8s
  Running TypeScript ...
  Collecting page data using 23 workers ...
  Generating static pages using 23 workers (0/18) ...
  Generating static pages using 23 workers (4/18) 
  Generating static pages using 23 workers (8/18) 
  Generating static pages using 23 workers (13/18) 
Γ£ô Generating static pages using 23 workers (18/18) in 12.4s
  Finalizing page optimization ...

Route (app)
Γöî ╞Æ /
Γö£ ╞Æ /_not-found
Γö£ ╞Æ /admin
Γö£ ╞Æ /admin/devices
Γö£ ╞Æ /admin/settings
Γö£ ╞Æ /admin/tenants/[tenantId]
Γö£ ╞Æ /api/auth/login
Γö£ ╞Æ /api/auth/session
Γö£ ╞Æ /api/config-management/backup-now
Γö£ ╞Æ /api/config-management/backups
Γö£ ╞Æ /api/config-management/devices
Γö£ ╞Æ /api/config-management/policies
Γö£ ╞Æ /api/config-management/restore
Γö£ ╞Æ /api/debug-devices
Γö£ ╞Æ /api/debug-login
Γö£ ╞Æ /api/debug-redis
Γö£ ╞Æ /api/device-events/[deviceId]
Γö£ ╞Æ /api/device-events/all
Γö£ ╞Æ /api/devices/export
Γö£ ╞Æ /api/devices/import
Γö£ ╞Æ /api/export/csv
Γö£ ╞Æ /api/export/pdf
Γö£ ╞Æ /api/live-check
Γö£ ╞Æ /api/public/debug
Γö£ ╞Æ /api/status
Γö£ ╞Æ /api/test-router
Γö£ ╞Æ /config-management
Γö£ ╞Æ /login
Γö£ ╞Æ /peers/[peerIp]
Γö£ ╞Æ /register
Γö£ ╞Æ /reports
Γö£ ╞Æ /settings
Γöö ╞Æ /settings/devices


╞Æ Proxy (Middleware)

╞Æ  (Dynamic)  server-rendered on demand

